Archive member included because of file (symbol)

/usr/lib/gcc/avr/4.8.2/avr51/libgcc.a(_exit.o)
                              /usr/lib/gcc/avr/4.8.2/../../../avr/lib/avr51/crtusb1287.o (exit)
/usr/lib/gcc/avr/4.8.2/avr51/libgcc.a(_tablejump.o)
                              ../../../cores/AT90USB/LUFA/Drivers/USB/Core/DeviceStandardReq.o (__tablejump2__)
/usr/lib/gcc/avr/4.8.2/avr51/libgcc.a(_copy_data.o)
                              BootloaderCDC.o (__do_copy_data)
/usr/lib/gcc/avr/4.8.2/avr51/libgcc.a(_clear_bss.o)
                              BootloaderCDC.o (__do_clear_bss)
/usr/lib/gcc/avr/4.8.2/../../../avr/lib/avr51/libc.a(eerd_byte_at90usb1287.o)
                              BootloaderCDC.o (__eerd_byte_usb1287)
/usr/lib/gcc/avr/4.8.2/../../../avr/lib/avr51/libc.a(eeupd_byte_at90usb1287.o)
                              ../../../cores/AT90USB/LUFA/Drivers/USB/Core/AVR8/EndpointStream_AVR8.o (__eeupd_byte_usb1287)
/usr/lib/gcc/avr/4.8.2/../../../avr/lib/avr51/libc.a(eewr_byte_at90usb1287.o)
                              BootloaderCDC.o (__eewr_byte_usb1287)

Allocating common symbols
Common symbol       size              file

USB_IsInitialized   0x1               ../../../cores/AT90USB/LUFA/Drivers/USB/Core/USBTask.o
USB_Device_ConfigurationNumber
                    0x1               ../../../cores/AT90USB/LUFA/Drivers/USB/Core/DeviceStandardReq.o
USB_ControlRequest  0x8               ../../../cores/AT90USB/LUFA/Drivers/USB/Core/USBTask.o

Discarded input sections

 .bss           0x0000000000000000        0x0 /usr/lib/gcc/avr/4.8.2/../../../avr/lib/avr51/crtusb1287.o
 .text          0x0000000000000000        0x0 BootloaderCDC.o
 .text          0x0000000000000000        0x0 Descriptors.o
 .bss           0x0000000000000000        0x0 Descriptors.o
 .text          0x0000000000000000        0x0 BootloaderAPI.o
 .bss           0x0000000000000000        0x0 BootloaderAPI.o
 .text          0x0000000000000000        0x0 BootloaderAPITable.o
 .bss           0x0000000000000000        0x0 BootloaderAPITable.o
 .text          0x0000000000000000        0x0 ../../../cores/AT90USB/LUFA/Drivers/USB/Class/Common/HIDParser.o
 .bss           0x0000000000000000        0x0 ../../../cores/AT90USB/LUFA/Drivers/USB/Class/Common/HIDParser.o
 .text.USB_ProcessHIDReport
                0x0000000000000000      0x708 ../../../cores/AT90USB/LUFA/Drivers/USB/Class/Common/HIDParser.o
 .text.USB_GetHIDReportItemInfo
                0x0000000000000000       0xbc ../../../cores/AT90USB/LUFA/Drivers/USB/Class/Common/HIDParser.o
 .text.USB_SetHIDReportItemInfo
                0x0000000000000000       0xec ../../../cores/AT90USB/LUFA/Drivers/USB/Class/Common/HIDParser.o
 .text.USB_GetHIDReportSize
                0x0000000000000000       0x60 ../../../cores/AT90USB/LUFA/Drivers/USB/Class/Common/HIDParser.o
 .text          0x0000000000000000        0x0 ../../../cores/AT90USB/LUFA/Drivers/USB/Core/AVR8/Device_AVR8.o
 .bss           0x0000000000000000        0x0 ../../../cores/AT90USB/LUFA/Drivers/USB/Core/AVR8/Device_AVR8.o
 .text.USB_Device_SendRemoteWakeup
                0x0000000000000000       0x2c ../../../cores/AT90USB/LUFA/Drivers/USB/Core/AVR8/Device_AVR8.o
 .text          0x0000000000000000        0x0 ../../../cores/AT90USB/LUFA/Drivers/USB/Core/AVR8/EndpointStream_AVR8.o
 .bss           0x0000000000000000        0x0 ../../../cores/AT90USB/LUFA/Drivers/USB/Core/AVR8/EndpointStream_AVR8.o
 .text.Endpoint_Discard_Stream
                0x0000000000000000       0x7e ../../../cores/AT90USB/LUFA/Drivers/USB/Core/AVR8/EndpointStream_AVR8.o
 .text.Endpoint_Null_Stream
                0x0000000000000000       0x7e ../../../cores/AT90USB/LUFA/Drivers/USB/Core/AVR8/EndpointStream_AVR8.o
 .text.Endpoint_Write_Stream_LE
                0x0000000000000000       0x96 ../../../cores/AT90USB/LUFA/Drivers/USB/Core/AVR8/EndpointStream_AVR8.o
 .text.Endpoint_Write_Stream_BE
                0x0000000000000000       0xa4 ../../../cores/AT90USB/LUFA/Drivers/USB/Core/AVR8/EndpointStream_AVR8.o
 .text.Endpoint_Read_Stream_LE
                0x0000000000000000       0x96 ../../../cores/AT90USB/LUFA/Drivers/USB/Core/AVR8/EndpointStream_AVR8.o
 .text.Endpoint_Read_Stream_BE
                0x0000000000000000       0xa4 ../../../cores/AT90USB/LUFA/Drivers/USB/Core/AVR8/EndpointStream_AVR8.o
 .text.Endpoint_Write_PStream_LE
                0x0000000000000000       0x9a ../../../cores/AT90USB/LUFA/Drivers/USB/Core/AVR8/EndpointStream_AVR8.o
 .text.Endpoint_Write_PStream_BE
                0x0000000000000000       0xa6 ../../../cores/AT90USB/LUFA/Drivers/USB/Core/AVR8/EndpointStream_AVR8.o
 .text.Endpoint_Write_EStream_LE
                0x0000000000000000       0x9c ../../../cores/AT90USB/LUFA/Drivers/USB/Core/AVR8/EndpointStream_AVR8.o
 .text.Endpoint_Write_EStream_BE
                0x0000000000000000       0xa8 ../../../cores/AT90USB/LUFA/Drivers/USB/Core/AVR8/EndpointStream_AVR8.o
 .text.Endpoint_Read_EStream_LE
                0x0000000000000000       0xa0 ../../../cores/AT90USB/LUFA/Drivers/USB/Core/AVR8/EndpointStream_AVR8.o
 .text.Endpoint_Read_EStream_BE
                0x0000000000000000       0xa8 ../../../cores/AT90USB/LUFA/Drivers/USB/Core/AVR8/EndpointStream_AVR8.o
 .text.Endpoint_Write_Control_Stream_BE
                0x0000000000000000       0xb6 ../../../cores/AT90USB/LUFA/Drivers/USB/Core/AVR8/EndpointStream_AVR8.o
 .text.Endpoint_Read_Control_Stream_BE
                0x0000000000000000       0x7c ../../../cores/AT90USB/LUFA/Drivers/USB/Core/AVR8/EndpointStream_AVR8.o
 .text.Endpoint_Write_Control_PStream_LE
                0x0000000000000000       0xb0 ../../../cores/AT90USB/LUFA/Drivers/USB/Core/AVR8/EndpointStream_AVR8.o
 .text.Endpoint_Write_Control_PStream_BE
                0x0000000000000000       0xb6 ../../../cores/AT90USB/LUFA/Drivers/USB/Core/AVR8/EndpointStream_AVR8.o
 .text.Endpoint_Write_Control_EStream_LE
                0x0000000000000000       0xd8 ../../../cores/AT90USB/LUFA/Drivers/USB/Core/AVR8/EndpointStream_AVR8.o
 .text.Endpoint_Write_Control_EStream_BE
                0x0000000000000000       0xe6 ../../../cores/AT90USB/LUFA/Drivers/USB/Core/AVR8/EndpointStream_AVR8.o
 .text.Endpoint_Read_Control_EStream_LE
                0x0000000000000000       0x90 ../../../cores/AT90USB/LUFA/Drivers/USB/Core/AVR8/EndpointStream_AVR8.o
 .text.Endpoint_Read_Control_EStream_BE
                0x0000000000000000       0x8e ../../../cores/AT90USB/LUFA/Drivers/USB/Core/AVR8/EndpointStream_AVR8.o
 .text          0x0000000000000000        0x0 ../../../cores/AT90USB/LUFA/Drivers/USB/Core/AVR8/Endpoint_AVR8.o
 .bss           0x0000000000000000        0x0 ../../../cores/AT90USB/LUFA/Drivers/USB/Core/AVR8/Endpoint_AVR8.o
 .text.Endpoint_ConfigureEndpointTable
                0x0000000000000000       0x7c ../../../cores/AT90USB/LUFA/Drivers/USB/Core/AVR8/Endpoint_AVR8.o
 .text.Endpoint_ClearEndpoints
                0x0000000000000000       0x28 ../../../cores/AT90USB/LUFA/Drivers/USB/Core/AVR8/Endpoint_AVR8.o
 .text.Endpoint_WaitUntilReady
                0x0000000000000000       0x5e ../../../cores/AT90USB/LUFA/Drivers/USB/Core/AVR8/Endpoint_AVR8.o
 .text          0x0000000000000000        0x0 ../../../cores/AT90USB/LUFA/Drivers/USB/Core/AVR8/Host_AVR8.o
 .bss           0x0000000000000000        0x0 ../../../cores/AT90USB/LUFA/Drivers/USB/Core/AVR8/Host_AVR8.o
 .text          0x0000000000000000        0x0 ../../../cores/AT90USB/LUFA/Drivers/USB/Core/AVR8/PipeStream_AVR8.o
 .bss           0x0000000000000000        0x0 ../../../cores/AT90USB/LUFA/Drivers/USB/Core/AVR8/PipeStream_AVR8.o
 .text          0x0000000000000000        0x0 ../../../cores/AT90USB/LUFA/Drivers/USB/Core/AVR8/Pipe_AVR8.o
 .bss           0x0000000000000000        0x0 ../../../cores/AT90USB/LUFA/Drivers/USB/Core/AVR8/Pipe_AVR8.o
 .text          0x0000000000000000        0x0 ../../../cores/AT90USB/LUFA/Drivers/USB/Core/AVR8/USBController_AVR8.o
 .bss           0x0000000000000000        0x0 ../../../cores/AT90USB/LUFA/Drivers/USB/Core/AVR8/USBController_AVR8.o
 .text.USB_Disable
                0x0000000000000000       0x34 ../../../cores/AT90USB/LUFA/Drivers/USB/Core/AVR8/USBController_AVR8.o
 .text          0x0000000000000000        0x0 ../../../cores/AT90USB/LUFA/Drivers/USB/Core/AVR8/USBInterrupt_AVR8.o
 .bss           0x0000000000000000        0x0 ../../../cores/AT90USB/LUFA/Drivers/USB/Core/AVR8/USBInterrupt_AVR8.o
 .text          0x0000000000000000        0x0 ../../../cores/AT90USB/LUFA/Drivers/USB/Core/ConfigDescriptors.o
 .bss           0x0000000000000000        0x0 ../../../cores/AT90USB/LUFA/Drivers/USB/Core/ConfigDescriptors.o
 .text.USB_GetNextDescriptor
                0x0000000000000000       0x38 ../../../cores/AT90USB/LUFA/Drivers/USB/Core/ConfigDescriptors.o
 .text.USB_GetNextDescriptorOfType
                0x0000000000000000       0x48 ../../../cores/AT90USB/LUFA/Drivers/USB/Core/ConfigDescriptors.o
 .text.USB_GetNextDescriptorOfTypeBefore
                0x0000000000000000       0x58 ../../../cores/AT90USB/LUFA/Drivers/USB/Core/ConfigDescriptors.o
 .text.USB_GetNextDescriptorOfTypeAfter
                0x0000000000000000       0x3e ../../../cores/AT90USB/LUFA/Drivers/USB/Core/ConfigDescriptors.o
 .text.USB_GetNextDescriptorComp
                0x0000000000000000       0x66 ../../../cores/AT90USB/LUFA/Drivers/USB/Core/ConfigDescriptors.o
 .text          0x0000000000000000        0x0 ../../../cores/AT90USB/LUFA/Drivers/USB/Core/DeviceStandardReq.o
 .bss           0x0000000000000000        0x0 ../../../cores/AT90USB/LUFA/Drivers/USB/Core/DeviceStandardReq.o
 .text          0x0000000000000000        0x0 ../../../cores/AT90USB/LUFA/Drivers/USB/Core/Events.o
 .bss           0x0000000000000000        0x0 ../../../cores/AT90USB/LUFA/Drivers/USB/Core/Events.o
 .text          0x0000000000000000        0x0 ../../../cores/AT90USB/LUFA/Drivers/USB/Core/HostStandardReq.o
 .bss           0x0000000000000000        0x0 ../../../cores/AT90USB/LUFA/Drivers/USB/Core/HostStandardReq.o
 .text          0x0000000000000000        0x0 ../../../cores/AT90USB/LUFA/Drivers/USB/Core/USBTask.o
 .bss           0x0000000000000000        0x0 ../../../cores/AT90USB/LUFA/Drivers/USB/Core/USBTask.o
 .text          0x0000000000000000        0x0 /usr/lib/gcc/avr/4.8.2/avr51/libgcc.a(_exit.o)
 .bss           0x0000000000000000        0x0 /usr/lib/gcc/avr/4.8.2/avr51/libgcc.a(_exit.o)
 .text.libgcc.mul
                0x0000000000000000        0x0 /usr/lib/gcc/avr/4.8.2/avr51/libgcc.a(_exit.o)
 .text.libgcc.div
                0x0000000000000000        0x0 /usr/lib/gcc/avr/4.8.2/avr51/libgcc.a(_exit.o)
 .text.libgcc   0x0000000000000000        0x0 /usr/lib/gcc/avr/4.8.2/avr51/libgcc.a(_exit.o)
 .text.libgcc.prologue
                0x0000000000000000        0x0 /usr/lib/gcc/avr/4.8.2/avr51/libgcc.a(_exit.o)
 .text.libgcc.builtins
                0x0000000000000000        0x0 /usr/lib/gcc/avr/4.8.2/avr51/libgcc.a(_exit.o)
 .text.libgcc.fmul
                0x0000000000000000        0x0 /usr/lib/gcc/avr/4.8.2/avr51/libgcc.a(_exit.o)
 .text.libgcc.fixed
                0x0000000000000000        0x0 /usr/lib/gcc/avr/4.8.2/avr51/libgcc.a(_exit.o)
 .text          0x0000000000000000        0x0 /usr/lib/gcc/avr/4.8.2/avr51/libgcc.a(_tablejump.o)
 .bss           0x0000000000000000        0x0 /usr/lib/gcc/avr/4.8.2/avr51/libgcc.a(_tablejump.o)
 .text.libgcc.mul
                0x0000000000000000        0x0 /usr/lib/gcc/avr/4.8.2/avr51/libgcc.a(_tablejump.o)
 .text.libgcc.div
                0x0000000000000000        0x0 /usr/lib/gcc/avr/4.8.2/avr51/libgcc.a(_tablejump.o)
 .text.libgcc.prologue
                0x0000000000000000        0x0 /usr/lib/gcc/avr/4.8.2/avr51/libgcc.a(_tablejump.o)
 .text.libgcc.builtins
                0x0000000000000000        0x0 /usr/lib/gcc/avr/4.8.2/avr51/libgcc.a(_tablejump.o)
 .text.libgcc.fmul
                0x0000000000000000        0x0 /usr/lib/gcc/avr/4.8.2/avr51/libgcc.a(_tablejump.o)
 .text.libgcc.fixed
                0x0000000000000000        0x0 /usr/lib/gcc/avr/4.8.2/avr51/libgcc.a(_tablejump.o)
 .text          0x0000000000000000        0x0 /usr/lib/gcc/avr/4.8.2/avr51/libgcc.a(_copy_data.o)
 .bss           0x0000000000000000        0x0 /usr/lib/gcc/avr/4.8.2/avr51/libgcc.a(_copy_data.o)
 .text.libgcc.mul
                0x0000000000000000        0x0 /usr/lib/gcc/avr/4.8.2/avr51/libgcc.a(_copy_data.o)
 .text.libgcc.div
                0x0000000000000000        0x0 /usr/lib/gcc/avr/4.8.2/avr51/libgcc.a(_copy_data.o)
 .text.libgcc   0x0000000000000000        0x0 /usr/lib/gcc/avr/4.8.2/avr51/libgcc.a(_copy_data.o)
 .text.libgcc.prologue
                0x0000000000000000        0x0 /usr/lib/gcc/avr/4.8.2/avr51/libgcc.a(_copy_data.o)
 .text.libgcc.builtins
                0x0000000000000000        0x0 /usr/lib/gcc/avr/4.8.2/avr51/libgcc.a(_copy_data.o)
 .text.libgcc.fmul
                0x0000000000000000        0x0 /usr/lib/gcc/avr/4.8.2/avr51/libgcc.a(_copy_data.o)
 .text.libgcc.fixed
                0x0000000000000000        0x0 /usr/lib/gcc/avr/4.8.2/avr51/libgcc.a(_copy_data.o)
 .text          0x0000000000000000        0x0 /usr/lib/gcc/avr/4.8.2/avr51/libgcc.a(_clear_bss.o)
 .bss           0x0000000000000000        0x0 /usr/lib/gcc/avr/4.8.2/avr51/libgcc.a(_clear_bss.o)
 .text.libgcc.mul
                0x0000000000000000        0x0 /usr/lib/gcc/avr/4.8.2/avr51/libgcc.a(_clear_bss.o)
 .text.libgcc.div
                0x0000000000000000        0x0 /usr/lib/gcc/avr/4.8.2/avr51/libgcc.a(_clear_bss.o)
 .text.libgcc   0x0000000000000000        0x0 /usr/lib/gcc/avr/4.8.2/avr51/libgcc.a(_clear_bss.o)
 .text.libgcc.prologue
                0x0000000000000000        0x0 /usr/lib/gcc/avr/4.8.2/avr51/libgcc.a(_clear_bss.o)
 .text.libgcc.builtins
                0x0000000000000000        0x0 /usr/lib/gcc/avr/4.8.2/avr51/libgcc.a(_clear_bss.o)
 .text.libgcc.fmul
                0x0000000000000000        0x0 /usr/lib/gcc/avr/4.8.2/avr51/libgcc.a(_clear_bss.o)
 .text.libgcc.fixed
                0x0000000000000000        0x0 /usr/lib/gcc/avr/4.8.2/avr51/libgcc.a(_clear_bss.o)
 .text          0x0000000000000000        0x0 /usr/lib/gcc/avr/4.8.2/../../../avr/lib/avr51/libc.a(eerd_byte_at90usb1287.o)
 .bss           0x0000000000000000        0x0 /usr/lib/gcc/avr/4.8.2/../../../avr/lib/avr51/libc.a(eerd_byte_at90usb1287.o)
 .text          0x0000000000000000        0x0 /usr/lib/gcc/avr/4.8.2/../../../avr/lib/avr51/libc.a(eeupd_byte_at90usb1287.o)
 .bss           0x0000000000000000        0x0 /usr/lib/gcc/avr/4.8.2/../../../avr/lib/avr51/libc.a(eeupd_byte_at90usb1287.o)
 .text.avr-libc
                0x0000000000000000       0x24 /usr/lib/gcc/avr/4.8.2/../../../avr/lib/avr51/libc.a(eeupd_byte_at90usb1287.o)
 .text          0x0000000000000000        0x0 /usr/lib/gcc/avr/4.8.2/../../../avr/lib/avr51/libc.a(eewr_byte_at90usb1287.o)
 .bss           0x0000000000000000        0x0 /usr/lib/gcc/avr/4.8.2/../../../avr/lib/avr51/libc.a(eewr_byte_at90usb1287.o)

Memory Configuration

Name             Origin             Length             Attributes
text             0x0000000000000000 0x0000000000020000 xr
data             0x0000000000800100 0x000000000000ff00 rw !x
eeprom           0x0000000000810000 0x0000000000010000 rw !x
fuse             0x0000000000820000 0x0000000000000400 rw !x
lock             0x0000000000830000 0x0000000000000400 rw !x
signature        0x0000000000840000 0x0000000000000400 rw !x
user_signatures  0x0000000000850000 0x0000000000000400 rw !x
*default*        0x0000000000000000 0xffffffffffffffff

Linker script and memory map

Address of section .data set to 0x800100
LOAD /usr/lib/gcc/avr/4.8.2/../../../avr/lib/avr51/crtusb1287.o
LOAD BootloaderCDC.o
LOAD Descriptors.o
LOAD BootloaderAPI.o
LOAD BootloaderAPITable.o
LOAD ../../../cores/AT90USB/LUFA/Drivers/USB/Class/Common/HIDParser.o
LOAD ../../../cores/AT90USB/LUFA/Drivers/USB/Core/AVR8/Device_AVR8.o
LOAD ../../../cores/AT90USB/LUFA/Drivers/USB/Core/AVR8/EndpointStream_AVR8.o
LOAD ../../../cores/AT90USB/LUFA/Drivers/USB/Core/AVR8/Endpoint_AVR8.o
LOAD ../../../cores/AT90USB/LUFA/Drivers/USB/Core/AVR8/Host_AVR8.o
LOAD ../../../cores/AT90USB/LUFA/Drivers/USB/Core/AVR8/PipeStream_AVR8.o
LOAD ../../../cores/AT90USB/LUFA/Drivers/USB/Core/AVR8/Pipe_AVR8.o
LOAD ../../../cores/AT90USB/LUFA/Drivers/USB/Core/AVR8/USBController_AVR8.o
LOAD ../../../cores/AT90USB/LUFA/Drivers/USB/Core/AVR8/USBInterrupt_AVR8.o
LOAD ../../../cores/AT90USB/LUFA/Drivers/USB/Core/ConfigDescriptors.o
LOAD ../../../cores/AT90USB/LUFA/Drivers/USB/Core/DeviceStandardReq.o
LOAD ../../../cores/AT90USB/LUFA/Drivers/USB/Core/Events.o
LOAD ../../../cores/AT90USB/LUFA/Drivers/USB/Core/HostStandardReq.o
LOAD ../../../cores/AT90USB/LUFA/Drivers/USB/Core/USBTask.o
LOAD /usr/lib/gcc/avr/4.8.2/../../../avr/lib/avr51/libm.a
Address of section .text set to 0x1f000
Address of section .apitable_trampolines set to 0x1ffa0
Address of section .apitable_jumptable set to 0x1ffe0
Address of section .apitable_signatures set to 0x1fff8
START GROUP
LOAD /usr/lib/gcc/avr/4.8.2/avr51/libgcc.a
LOAD /usr/lib/gcc/avr/4.8.2/../../../avr/lib/avr51/libm.a
LOAD /usr/lib/gcc/avr/4.8.2/../../../avr/lib/avr51/libc.a
END GROUP

.hash
 *(.hash)

.dynsym
 *(.dynsym)

.dynstr
 *(.dynstr)

.gnu.version
 *(.gnu.version)

.gnu.version_d
 *(.gnu.version_d)

.gnu.version_r
 *(.gnu.version_r)

.rel.init
 *(.rel.init)

.rela.init
 *(.rela.init)

.rel.text
 *(.rel.text)
 *(.rel.text.*)
 *(.rel.gnu.linkonce.t*)

.rela.text
 *(.rela.text)
 *(.rela.text.*)
 *(.rela.gnu.linkonce.t*)

.rel.fini
 *(.rel.fini)

.rela.fini
 *(.rela.fini)

.rel.rodata
 *(.rel.rodata)
 *(.rel.rodata.*)
 *(.rel.gnu.linkonce.r*)

.rela.rodata
 *(.rela.rodata)
 *(.rela.rodata.*)
 *(.rela.gnu.linkonce.r*)

.rel.data
 *(.rel.data)
 *(.rel.data.*)
 *(.rel.gnu.linkonce.d*)

.rela.data
 *(.rela.data)
 *(.rela.data.*)
 *(.rela.gnu.linkonce.d*)

.rel.ctors
 *(.rel.ctors)

.rela.ctors
 *(.rela.ctors)

.rel.dtors
 *(.rel.dtors)

.rela.dtors
 *(.rela.dtors)

.rel.got
 *(.rel.got)

.rela.got
 *(.rela.got)

.rel.bss
 *(.rel.bss)

.rela.bss
 *(.rela.bss)

.rel.plt
 *(.rel.plt)

.rela.plt
 *(.rela.plt)

.text           0x000000000001f000      0xec2
 *(.vectors)
 .vectors       0x000000000001f000       0x98 /usr/lib/gcc/avr/4.8.2/../../../avr/lib/avr51/crtusb1287.o
                0x000000000001f000                __vectors
                0x000000000001f000                __vector_default
 *(.vectors)
 *(.progmem.gcc*)
 .progmem.gcc_sw_table.USB_Device_ProcessControlRequest
                0x000000000001f098       0x14 ../../../cores/AT90USB/LUFA/Drivers/USB/Core/DeviceStandardReq.o
 *(.progmem*)
 .progmem.data  0x000000000001f0ac       0x1a Descriptors.o
                0x000000000001f0ac                ManufacturerString
                0x000000000001f0c6                . = ALIGN (0x2)
                0x000000000001f0c6                __trampolines_start = .
 *(.trampolines)
 .trampolines   0x000000000001f0c6        0x0 linker stubs
 *(.trampolines*)
                0x000000000001f0c6                __trampolines_end = .
 *(.jumptables)
 *(.jumptables*)
 *(.lowtext)
 *(.lowtext*)
                0x000000000001f0c6                __ctors_start = .
 *(.ctors)
                0x000000000001f0c6                __ctors_end = .
                0x000000000001f0c6                __dtors_start = .
 *(.dtors)
                0x000000000001f0c6                __dtors_end = .
 SORT(*)(.ctors)
 SORT(*)(.dtors)
 *(.init0)
 .init0         0x000000000001f0c6        0x0 /usr/lib/gcc/avr/4.8.2/../../../avr/lib/avr51/crtusb1287.o
                0x000000000001f0c6                __init
 *(.init0)
 *(.init1)
 *(.init1)
 *(.init2)
 .init2         0x000000000001f0c6        0xc /usr/lib/gcc/avr/4.8.2/../../../avr/lib/avr51/crtusb1287.o
 *(.init2)
 *(.init3)
 *(.init3)
 *(.init4)
 .init4         0x000000000001f0d2       0x1a /usr/lib/gcc/avr/4.8.2/avr51/libgcc.a(_copy_data.o)
                0x000000000001f0d2                __do_copy_data
 .init4         0x000000000001f0ec       0x10 /usr/lib/gcc/avr/4.8.2/avr51/libgcc.a(_clear_bss.o)
                0x000000000001f0ec                __do_clear_bss
 *(.init4)
 *(.init5)
 *(.init5)
 *(.init6)
 *(.init6)
 *(.init7)
 *(.init7)
 *(.init8)
 *(.init8)
 *(.init9)
 .init9         0x000000000001f0fc        0x4 /usr/lib/gcc/avr/4.8.2/../../../avr/lib/avr51/crtusb1287.o
 *(.init9)
 *(.text)
 .text          0x000000000001f100        0x2 /usr/lib/gcc/avr/4.8.2/../../../avr/lib/avr51/crtusb1287.o
                0x000000000001f100                __vector_22
                0x000000000001f100                __vector_28
                0x000000000001f100                __vector_1
                0x000000000001f100                __vector_32
                0x000000000001f100                __vector_34
                0x000000000001f100                __vector_24
                0x000000000001f100                __vector_12
                0x000000000001f100                __bad_interrupt
                0x000000000001f100                __vector_6
                0x000000000001f100                __vector_31
                0x000000000001f100                __vector_35
                0x000000000001f100                __vector_3
                0x000000000001f100                __vector_23
                0x000000000001f100                __vector_30
                0x000000000001f100                __vector_25
                0x000000000001f100                __vector_11
                0x000000000001f100                __vector_13
                0x000000000001f100                __vector_17
                0x000000000001f100                __vector_19
                0x000000000001f100                __vector_7
                0x000000000001f100                __vector_27
                0x000000000001f100                __vector_5
                0x000000000001f100                __vector_33
                0x000000000001f100                __vector_37
                0x000000000001f100                __vector_4
                0x000000000001f100                __vector_9
                0x000000000001f100                __vector_2
                0x000000000001f100                __vector_21
                0x000000000001f100                __vector_15
                0x000000000001f100                __vector_36
                0x000000000001f100                __vector_29
                0x000000000001f100                __vector_8
                0x000000000001f100                __vector_26
                0x000000000001f100                __vector_14
                0x000000000001f100                __vector_16
                0x000000000001f100                __vector_18
                0x000000000001f100                __vector_20
                0x000000000001f102                . = ALIGN (0x2)
 *(.text.*)
 .text.FetchNextCommandByte
                0x000000000001f102       0x30 BootloaderCDC.o
 .text.WriteNextResponseByte
                0x000000000001f132       0x2e BootloaderCDC.o
 .text.BL_Pulse
                0x000000000001f160       0x20 BootloaderCDC.o
                0x000000000001f160                BL_Pulse
 .text.startup.main
                0x000000000001f180      0x5ac BootloaderCDC.o
                0x000000000001f180                main
 .text.EVENT_USB_Device_ConfigurationChanged
                0x000000000001f72c       0x18 BootloaderCDC.o
                0x000000000001f72c                EVENT_USB_Device_ConfigurationChanged
 .text.EVENT_USB_Device_ControlRequest
                0x000000000001f744       0x5c BootloaderCDC.o
                0x000000000001f744                EVENT_USB_Device_ControlRequest
 .text.CALLBACK_USB_GetDescriptor
                0x000000000001f7a0       0x66 Descriptors.o
                0x000000000001f7a0                CALLBACK_USB_GetDescriptor
 .text.BootloaderAPI_ErasePage
                0x000000000001f806       0x28 BootloaderAPI.o
                0x000000000001f806                BootloaderAPI_ErasePage
 .text.BootloaderAPI_WritePage
                0x000000000001f82e       0x28 BootloaderAPI.o
                0x000000000001f82e                BootloaderAPI_WritePage
 .text.BootloaderAPI_FillWord
                0x000000000001f856       0x1e BootloaderAPI.o
                0x000000000001f856                BootloaderAPI_FillWord
 .text.BootloaderAPI_ReadSignature
                0x000000000001f874        0xc BootloaderAPI.o
                0x000000000001f874                BootloaderAPI_ReadSignature
 .text.BootloaderAPI_ReadFuse
                0x000000000001f880        0xc BootloaderAPI.o
                0x000000000001f880                BootloaderAPI_ReadFuse
 .text.BootloaderAPI_ReadLock
                0x000000000001f88c        0xe BootloaderAPI.o
                0x000000000001f88c                BootloaderAPI_ReadLock
 .text.BootloaderAPI_WriteLock
                0x000000000001f89a       0x1c BootloaderAPI.o
                0x000000000001f89a                BootloaderAPI_WriteLock
 .text.Endpoint_Write_Control_Stream_LE
                0x000000000001f8b6       0xae ../../../cores/AT90USB/LUFA/Drivers/USB/Core/AVR8/EndpointStream_AVR8.o
                0x000000000001f8b6                Endpoint_Write_Control_Stream_LE
 .text.Endpoint_Read_Control_Stream_LE
                0x000000000001f964       0x78 ../../../cores/AT90USB/LUFA/Drivers/USB/Core/AVR8/EndpointStream_AVR8.o
                0x000000000001f964                Endpoint_Read_Control_Stream_LE
 .text.Endpoint_ConfigureEndpoint_Prv
                0x000000000001f9dc       0x28 ../../../cores/AT90USB/LUFA/Drivers/USB/Core/AVR8/Endpoint_AVR8.o
                0x000000000001f9dc                Endpoint_ConfigureEndpoint_Prv
 .text.Endpoint_ClearStatusStage
                0x000000000001fa04       0x3e ../../../cores/AT90USB/LUFA/Drivers/USB/Core/AVR8/Endpoint_AVR8.o
                0x000000000001fa04                Endpoint_ClearStatusStage
 .text.USB_ResetInterface
                0x000000000001fa42       0x80 ../../../cores/AT90USB/LUFA/Drivers/USB/Core/AVR8/USBController_AVR8.o
                0x000000000001fa42                USB_ResetInterface
 .text.USB_Init
                0x000000000001fac2       0x1c ../../../cores/AT90USB/LUFA/Drivers/USB/Core/AVR8/USBController_AVR8.o
                0x000000000001fac2                USB_Init
 .text.USB_INT_DisableAllInterrupts
                0x000000000001fade       0x10 ../../../cores/AT90USB/LUFA/Drivers/USB/Core/AVR8/USBInterrupt_AVR8.o
                0x000000000001fade                USB_INT_DisableAllInterrupts
 .text.USB_INT_ClearAllInterrupts
                0x000000000001faee        0xa ../../../cores/AT90USB/LUFA/Drivers/USB/Core/AVR8/USBInterrupt_AVR8.o
                0x000000000001faee                USB_INT_ClearAllInterrupts
 .text.__vector_10
                0x000000000001faf8      0x16a ../../../cores/AT90USB/LUFA/Drivers/USB/Core/AVR8/USBInterrupt_AVR8.o
                0x000000000001faf8                __vector_10
 .text.USB_Device_ProcessControlRequest
                0x000000000001fc62      0x1ec ../../../cores/AT90USB/LUFA/Drivers/USB/Core/DeviceStandardReq.o
                0x000000000001fc62                USB_Device_ProcessControlRequest
 .text.USB_Event_Stub
                0x000000000001fe4e        0x2 ../../../cores/AT90USB/LUFA/Drivers/USB/Core/Events.o
                0x000000000001fe4e                EVENT_USB_Device_Connect
                0x000000000001fe4e                EVENT_USB_Device_WakeUp
                0x000000000001fe4e                USB_Event_Stub
                0x000000000001fe4e                EVENT_USB_Device_Suspend
                0x000000000001fe4e                EVENT_USB_Device_StartOfFrame
                0x000000000001fe4e                EVENT_USB_Device_Disconnect
                0x000000000001fe4e                EVENT_USB_Device_Reset
 .text.USB_USBTask
                0x000000000001fe50       0x36 ../../../cores/AT90USB/LUFA/Drivers/USB/Core/USBTask.o
                0x000000000001fe50                USB_USBTask
 .text.libgcc   0x000000000001fe86        0xc /usr/lib/gcc/avr/4.8.2/avr51/libgcc.a(_tablejump.o)
                0x000000000001fe86                __tablejump2__
                0x000000000001fe8a                __tablejump__
 .text.avr-libc
                0x000000000001fe92       0x10 /usr/lib/gcc/avr/4.8.2/../../../avr/lib/avr51/libc.a(eerd_byte_at90usb1287.o)
                0x000000000001fe92                __eerd_byte_usb1287
 .text.avr-libc
                0x000000000001fea2       0x1c /usr/lib/gcc/avr/4.8.2/../../../avr/lib/avr51/libc.a(eewr_byte_at90usb1287.o)
                0x000000000001fea2                __eewr_byte_usb1287
                0x000000000001fea4                __eewr_r18_usb1287
                0x000000000001febe                . = ALIGN (0x2)
 *(.fini9)
 .fini9         0x000000000001febe        0x0 /usr/lib/gcc/avr/4.8.2/avr51/libgcc.a(_exit.o)
                0x000000000001febe                exit
                0x000000000001febe                _exit
 *(.fini9)
 *(.fini8)
 *(.fini8)
 *(.fini7)
 *(.fini7)
 *(.fini6)
 *(.fini6)
 *(.fini5)
 *(.fini5)
 *(.fini4)
 *(.fini4)
 *(.fini3)
 *(.fini3)
 *(.fini2)
 *(.fini2)
 *(.fini1)
 *(.fini1)
 *(.fini0)
 .fini0         0x000000000001febe        0x4 /usr/lib/gcc/avr/4.8.2/avr51/libgcc.a(_exit.o)
 *(.fini0)
                0x000000000001fec2                _etext = .

.data           0x0000000000800100       0x8e load address 0x000000000001fec2
                0x0000000000800100                PROVIDE (__data_start, .)
 *(.data)
 .data          0x0000000000800100        0x0 /usr/lib/gcc/avr/4.8.2/../../../avr/lib/avr51/crtusb1287.o
 .data          0x0000000000800100        0x7 BootloaderCDC.o
 .data          0x0000000000800107        0x0 Descriptors.o
 .data          0x0000000000800107        0x0 BootloaderAPI.o
 .data          0x0000000000800107        0x0 BootloaderAPITable.o
 .data          0x0000000000800107        0x0 ../../../cores/AT90USB/LUFA/Drivers/USB/Class/Common/HIDParser.o
 .data          0x0000000000800107        0x0 ../../../cores/AT90USB/LUFA/Drivers/USB/Core/AVR8/Device_AVR8.o
 .data          0x0000000000800107        0x0 ../../../cores/AT90USB/LUFA/Drivers/USB/Core/AVR8/EndpointStream_AVR8.o
 .data          0x0000000000800107        0x0 ../../../cores/AT90USB/LUFA/Drivers/USB/Core/AVR8/Endpoint_AVR8.o
 .data          0x0000000000800107        0x0 ../../../cores/AT90USB/LUFA/Drivers/USB/Core/AVR8/Host_AVR8.o
 .data          0x0000000000800107        0x0 ../../../cores/AT90USB/LUFA/Drivers/USB/Core/AVR8/PipeStream_AVR8.o
 .data          0x0000000000800107        0x0 ../../../cores/AT90USB/LUFA/Drivers/USB/Core/AVR8/Pipe_AVR8.o
 .data          0x0000000000800107        0x0 ../../../cores/AT90USB/LUFA/Drivers/USB/Core/AVR8/USBController_AVR8.o
 .data          0x0000000000800107        0x0 ../../../cores/AT90USB/LUFA/Drivers/USB/Core/AVR8/USBInterrupt_AVR8.o
 .data          0x0000000000800107        0x0 ../../../cores/AT90USB/LUFA/Drivers/USB/Core/ConfigDescriptors.o
 .data          0x0000000000800107        0x0 ../../../cores/AT90USB/LUFA/Drivers/USB/Core/DeviceStandardReq.o
 .data          0x0000000000800107        0x0 ../../../cores/AT90USB/LUFA/Drivers/USB/Core/Events.o
 .data          0x0000000000800107        0x0 ../../../cores/AT90USB/LUFA/Drivers/USB/Core/HostStandardReq.o
 .data          0x0000000000800107        0x0 ../../../cores/AT90USB/LUFA/Drivers/USB/Core/USBTask.o
 .data          0x0000000000800107        0x0 /usr/lib/gcc/avr/4.8.2/avr51/libgcc.a(_exit.o)
 .data          0x0000000000800107        0x0 /usr/lib/gcc/avr/4.8.2/avr51/libgcc.a(_tablejump.o)
 .data          0x0000000000800107        0x0 /usr/lib/gcc/avr/4.8.2/avr51/libgcc.a(_copy_data.o)
 .data          0x0000000000800107        0x0 /usr/lib/gcc/avr/4.8.2/avr51/libgcc.a(_clear_bss.o)
 .data          0x0000000000800107        0x0 /usr/lib/gcc/avr/4.8.2/../../../avr/lib/avr51/libc.a(eerd_byte_at90usb1287.o)
 .data          0x0000000000800107        0x0 /usr/lib/gcc/avr/4.8.2/../../../avr/lib/avr51/libc.a(eeupd_byte_at90usb1287.o)
 .data          0x0000000000800107        0x0 /usr/lib/gcc/avr/4.8.2/../../../avr/lib/avr51/libc.a(eewr_byte_at90usb1287.o)
 *(.data*)
 *(.rodata)
 .rodata        0x0000000000800107       0x7e Descriptors.o
                0x0000000000800107                ProductString
                0x0000000000800131                LanguageString
                0x0000000000800135                ConfigurationDescriptor
                0x0000000000800173                DeviceDescriptor
 *(.rodata*)
 .rodata.str1.1
                0x0000000000800185        0x8 BootloaderCDC.o
 *(.gnu.linkonce.d*)
                0x000000000080018e                . = ALIGN (0x2)
 *fill*         0x000000000080018d        0x1 
                0x000000000080018e                _edata = .
                0x000000000080018e                PROVIDE (__data_end, .)

.bss            0x000000000080018e       0x12
                0x000000000080018e                PROVIDE (__bss_start, .)
 *(.bss)
 .bss           0x000000000080018e        0x8 BootloaderCDC.o
 *(.bss*)
 *(COMMON)
 COMMON         0x0000000000800196        0x1 ../../../cores/AT90USB/LUFA/Drivers/USB/Core/DeviceStandardReq.o
                0x0000000000800196                USB_Device_ConfigurationNumber
 COMMON         0x0000000000800197        0x9 ../../../cores/AT90USB/LUFA/Drivers/USB/Core/USBTask.o
                0x0000000000800197                USB_IsInitialized
                0x0000000000800198                USB_ControlRequest
                0x00000000008001a0                PROVIDE (__bss_end, .)
                0x000000000001fec2                __data_load_start = LOADADDR (.data)
                0x000000000001ff50                __data_load_end = (__data_load_start + SIZEOF (.data))

.noinit         0x00000000008001a0        0x0
                0x00000000008001a0                PROVIDE (__noinit_start, .)
 *(.noinit*)
                0x00000000008001a0                PROVIDE (__noinit_end, .)
                0x00000000008001a0                _end = .
                0x00000000008001a0                PROVIDE (__heap_start, .)

.eeprom         0x0000000000810000        0x0
 *(.eeprom*)
                0x0000000000810000                __eeprom_end = .

.fuse
 *(.fuse)
 *(.lfuse)
 *(.hfuse)
 *(.efuse)

.lock
 *(.lock*)

.signature
 *(.signature*)

.user_signatures
 *(.user_signatures*)

.stab           0x0000000000000000      0x954
 *(.stab)
 .stab          0x0000000000000000      0x6cc /usr/lib/gcc/avr/4.8.2/../../../avr/lib/avr51/crtusb1287.o
 .stab          0x00000000000006cc       0x90 /usr/lib/gcc/avr/4.8.2/../../../avr/lib/avr51/libc.a(eerd_byte_at90usb1287.o)
                                         0x9c (size before relaxing)
 .stab          0x000000000000075c      0x114 /usr/lib/gcc/avr/4.8.2/../../../avr/lib/avr51/libc.a(eeupd_byte_at90usb1287.o)
                                        0x120 (size before relaxing)
 .stab          0x0000000000000870       0xe4 /usr/lib/gcc/avr/4.8.2/../../../avr/lib/avr51/libc.a(eewr_byte_at90usb1287.o)
                                         0xf0 (size before relaxing)

.stabstr        0x0000000000000000       0xe2
 *(.stabstr)
 .stabstr       0x0000000000000000       0xe2 /usr/lib/gcc/avr/4.8.2/../../../avr/lib/avr51/crtusb1287.o

.stab.excl
 *(.stab.excl)

.stab.exclstr
 *(.stab.exclstr)

.stab.index
 *(.stab.index)

.stab.indexstr
 *(.stab.indexstr)

.comment        0x0000000000000000       0x11
 *(.comment)
 .comment       0x0000000000000000       0x11 BootloaderCDC.o
                                         0x12 (size before relaxing)
 .comment       0x0000000000000000       0x12 Descriptors.o
 .comment       0x0000000000000000       0x12 BootloaderAPI.o
 .comment       0x0000000000000000       0x12 ../../../cores/AT90USB/LUFA/Drivers/USB/Class/Common/HIDParser.o
 .comment       0x0000000000000000       0x12 ../../../cores/AT90USB/LUFA/Drivers/USB/Core/AVR8/Device_AVR8.o
 .comment       0x0000000000000000       0x12 ../../../cores/AT90USB/LUFA/Drivers/USB/Core/AVR8/EndpointStream_AVR8.o
 .comment       0x0000000000000000       0x12 ../../../cores/AT90USB/LUFA/Drivers/USB/Core/AVR8/Endpoint_AVR8.o
 .comment       0x0000000000000000       0x12 ../../../cores/AT90USB/LUFA/Drivers/USB/Core/AVR8/Host_AVR8.o
 .comment       0x0000000000000000       0x12 ../../../cores/AT90USB/LUFA/Drivers/USB/Core/AVR8/PipeStream_AVR8.o
 .comment       0x0000000000000000       0x12 ../../../cores/AT90USB/LUFA/Drivers/USB/Core/AVR8/Pipe_AVR8.o
 .comment       0x0000000000000000       0x12 ../../../cores/AT90USB/LUFA/Drivers/USB/Core/AVR8/USBController_AVR8.o
 .comment       0x0000000000000000       0x12 ../../../cores/AT90USB/LUFA/Drivers/USB/Core/AVR8/USBInterrupt_AVR8.o
 .comment       0x0000000000000000       0x12 ../../../cores/AT90USB/LUFA/Drivers/USB/Core/ConfigDescriptors.o
 .comment       0x0000000000000000       0x12 ../../../cores/AT90USB/LUFA/Drivers/USB/Core/DeviceStandardReq.o
 .comment       0x0000000000000000       0x12 ../../../cores/AT90USB/LUFA/Drivers/USB/Core/Events.o
 .comment       0x0000000000000000       0x12 ../../../cores/AT90USB/LUFA/Drivers/USB/Core/HostStandardReq.o
 .comment       0x0000000000000000       0x12 ../../../cores/AT90USB/LUFA/Drivers/USB/Core/USBTask.o

.debug
 *(.debug)

.line
 *(.line)

.debug_srcinfo
 *(.debug_srcinfo)

.debug_sfnames
 *(.debug_sfnames)

.debug_aranges  0x0000000000000000      0x3a0
 *(.debug_aranges)
 .debug_aranges
                0x0000000000000000       0x48 BootloaderCDC.o
 .debug_aranges
                0x0000000000000048       0x20 Descriptors.o
 .debug_aranges
                0x0000000000000068       0x50 BootloaderAPI.o
 .debug_aranges
                0x00000000000000b8       0x28 BootloaderAPITable.o
 .debug_aranges
                0x00000000000000e0       0x38 ../../../cores/AT90USB/LUFA/Drivers/USB/Class/Common/HIDParser.o
 .debug_aranges
                0x0000000000000118       0x20 ../../../cores/AT90USB/LUFA/Drivers/USB/Core/AVR8/Device_AVR8.o
 .debug_aranges
                0x0000000000000138       0xc8 ../../../cores/AT90USB/LUFA/Drivers/USB/Core/AVR8/EndpointStream_AVR8.o
 .debug_aranges
                0x0000000000000200       0x40 ../../../cores/AT90USB/LUFA/Drivers/USB/Core/AVR8/Endpoint_AVR8.o
 .debug_aranges
                0x0000000000000240       0x18 ../../../cores/AT90USB/LUFA/Drivers/USB/Core/AVR8/Host_AVR8.o
 .debug_aranges
                0x0000000000000258       0x18 ../../../cores/AT90USB/LUFA/Drivers/USB/Core/AVR8/PipeStream_AVR8.o
 .debug_aranges
                0x0000000000000270       0x18 ../../../cores/AT90USB/LUFA/Drivers/USB/Core/AVR8/Pipe_AVR8.o
 .debug_aranges
                0x0000000000000288       0x30 ../../../cores/AT90USB/LUFA/Drivers/USB/Core/AVR8/USBController_AVR8.o
 .debug_aranges
                0x00000000000002b8       0x30 ../../../cores/AT90USB/LUFA/Drivers/USB/Core/AVR8/USBInterrupt_AVR8.o
 .debug_aranges
                0x00000000000002e8       0x40 ../../../cores/AT90USB/LUFA/Drivers/USB/Core/ConfigDescriptors.o
 .debug_aranges
                0x0000000000000328       0x20 ../../../cores/AT90USB/LUFA/Drivers/USB/Core/DeviceStandardReq.o
 .debug_aranges
                0x0000000000000348       0x20 ../../../cores/AT90USB/LUFA/Drivers/USB/Core/Events.o
 .debug_aranges
                0x0000000000000368       0x18 ../../../cores/AT90USB/LUFA/Drivers/USB/Core/HostStandardReq.o
 .debug_aranges
                0x0000000000000380       0x20 ../../../cores/AT90USB/LUFA/Drivers/USB/Core/USBTask.o

.debug_pubnames
 *(.debug_pubnames)

.debug_info     0x0000000000000000     0x54bd
 *(.debug_info)
 .debug_info    0x0000000000000000      0xc1c BootloaderCDC.o
 .debug_info    0x0000000000000c1c      0x659 Descriptors.o
 .debug_info    0x0000000000001275      0x240 BootloaderAPI.o
 .debug_info    0x00000000000014b5       0xa6 BootloaderAPITable.o
 .debug_info    0x000000000000155b      0x73c ../../../cores/AT90USB/LUFA/Drivers/USB/Class/Common/HIDParser.o
 .debug_info    0x0000000000001c97       0xd2 ../../../cores/AT90USB/LUFA/Drivers/USB/Core/AVR8/Device_AVR8.o
 .debug_info    0x0000000000001d69     0x17ac ../../../cores/AT90USB/LUFA/Drivers/USB/Core/AVR8/EndpointStream_AVR8.o
 .debug_info    0x0000000000003515      0x58e ../../../cores/AT90USB/LUFA/Drivers/USB/Core/AVR8/Endpoint_AVR8.o
 .debug_info    0x0000000000003aa3       0x56 ../../../cores/AT90USB/LUFA/Drivers/USB/Core/AVR8/Host_AVR8.o
 .debug_info    0x0000000000003af9       0x56 ../../../cores/AT90USB/LUFA/Drivers/USB/Core/AVR8/PipeStream_AVR8.o
 .debug_info    0x0000000000003b4f       0x56 ../../../cores/AT90USB/LUFA/Drivers/USB/Core/AVR8/Pipe_AVR8.o
 .debug_info    0x0000000000003ba5      0x4a0 ../../../cores/AT90USB/LUFA/Drivers/USB/Core/AVR8/USBController_AVR8.o
 .debug_info    0x0000000000004045      0x5f9 ../../../cores/AT90USB/LUFA/Drivers/USB/Core/AVR8/USBInterrupt_AVR8.o
 .debug_info    0x000000000000463e      0x3c9 ../../../cores/AT90USB/LUFA/Drivers/USB/Core/ConfigDescriptors.o
 .debug_info    0x0000000000004a07      0x794 ../../../cores/AT90USB/LUFA/Drivers/USB/Core/DeviceStandardReq.o
 .debug_info    0x000000000000519b       0x78 ../../../cores/AT90USB/LUFA/Drivers/USB/Core/Events.o
 .debug_info    0x0000000000005213       0x56 ../../../cores/AT90USB/LUFA/Drivers/USB/Core/HostStandardReq.o
 .debug_info    0x0000000000005269      0x254 ../../../cores/AT90USB/LUFA/Drivers/USB/Core/USBTask.o
 *(.gnu.linkonce.wi.*)

.debug_abbrev   0x0000000000000000     0x159c
 *(.debug_abbrev)
 .debug_abbrev  0x0000000000000000      0x354 BootloaderCDC.o
 .debug_abbrev  0x0000000000000354      0x115 Descriptors.o
 .debug_abbrev  0x0000000000000469       0xbb BootloaderAPI.o
 .debug_abbrev  0x0000000000000524       0x12 BootloaderAPITable.o
 .debug_abbrev  0x0000000000000536      0x21e ../../../cores/AT90USB/LUFA/Drivers/USB/Class/Common/HIDParser.o
 .debug_abbrev  0x0000000000000754       0x80 ../../../cores/AT90USB/LUFA/Drivers/USB/Core/AVR8/Device_AVR8.o
 .debug_abbrev  0x00000000000007d4      0x21d ../../../cores/AT90USB/LUFA/Drivers/USB/Core/AVR8/EndpointStream_AVR8.o
 .debug_abbrev  0x00000000000009f1      0x203 ../../../cores/AT90USB/LUFA/Drivers/USB/Core/AVR8/Endpoint_AVR8.o
 .debug_abbrev  0x0000000000000bf4       0x26 ../../../cores/AT90USB/LUFA/Drivers/USB/Core/AVR8/Host_AVR8.o
 .debug_abbrev  0x0000000000000c1a       0x26 ../../../cores/AT90USB/LUFA/Drivers/USB/Core/AVR8/PipeStream_AVR8.o
 .debug_abbrev  0x0000000000000c40       0x26 ../../../cores/AT90USB/LUFA/Drivers/USB/Core/AVR8/Pipe_AVR8.o
 .debug_abbrev  0x0000000000000c66      0x1a5 ../../../cores/AT90USB/LUFA/Drivers/USB/Core/AVR8/USBController_AVR8.o
 .debug_abbrev  0x0000000000000e0b      0x1ce ../../../cores/AT90USB/LUFA/Drivers/USB/Core/AVR8/USBInterrupt_AVR8.o
 .debug_abbrev  0x0000000000000fd9      0x176 ../../../cores/AT90USB/LUFA/Drivers/USB/Core/ConfigDescriptors.o
 .debug_abbrev  0x000000000000114f      0x27b ../../../cores/AT90USB/LUFA/Drivers/USB/Core/DeviceStandardReq.o
 .debug_abbrev  0x00000000000013ca       0x44 ../../../cores/AT90USB/LUFA/Drivers/USB/Core/Events.o
 .debug_abbrev  0x000000000000140e       0x26 ../../../cores/AT90USB/LUFA/Drivers/USB/Core/HostStandardReq.o
 .debug_abbrev  0x0000000000001434      0x168 ../../../cores/AT90USB/LUFA/Drivers/USB/Core/USBTask.o

.debug_line     0x0000000000000000     0x2586
 *(.debug_line)
 .debug_line    0x0000000000000000      0x43a BootloaderCDC.o
 .debug_line    0x000000000000043a      0x15c Descriptors.o
 .debug_line    0x0000000000000596       0xfd BootloaderAPI.o
 .debug_line    0x0000000000000693       0x67 BootloaderAPITable.o
 .debug_line    0x00000000000006fa      0x222 ../../../cores/AT90USB/LUFA/Drivers/USB/Class/Common/HIDParser.o
 .debug_line    0x000000000000091c      0x10a ../../../cores/AT90USB/LUFA/Drivers/USB/Core/AVR8/Device_AVR8.o
 .debug_line    0x0000000000000a26      0xbd7 ../../../cores/AT90USB/LUFA/Drivers/USB/Core/AVR8/EndpointStream_AVR8.o
 .debug_line    0x00000000000015fd      0x352 ../../../cores/AT90USB/LUFA/Drivers/USB/Core/AVR8/Endpoint_AVR8.o
 .debug_line    0x000000000000194f       0x1a ../../../cores/AT90USB/LUFA/Drivers/USB/Core/AVR8/Host_AVR8.o
 .debug_line    0x0000000000001969       0x1a ../../../cores/AT90USB/LUFA/Drivers/USB/Core/AVR8/PipeStream_AVR8.o
 .debug_line    0x0000000000001983       0x1a ../../../cores/AT90USB/LUFA/Drivers/USB/Core/AVR8/Pipe_AVR8.o
 .debug_line    0x000000000000199d      0x265 ../../../cores/AT90USB/LUFA/Drivers/USB/Core/AVR8/USBController_AVR8.o
 .debug_line    0x0000000000001c02      0x394 ../../../cores/AT90USB/LUFA/Drivers/USB/Core/AVR8/USBInterrupt_AVR8.o
 .debug_line    0x0000000000001f96      0x161 ../../../cores/AT90USB/LUFA/Drivers/USB/Core/ConfigDescriptors.o
 .debug_line    0x00000000000020f7      0x2ad ../../../cores/AT90USB/LUFA/Drivers/USB/Core/DeviceStandardReq.o
 .debug_line    0x00000000000023a4       0x62 ../../../cores/AT90USB/LUFA/Drivers/USB/Core/Events.o
 .debug_line    0x0000000000002406       0x1a ../../../cores/AT90USB/LUFA/Drivers/USB/Core/HostStandardReq.o
 .debug_line    0x0000000000002420      0x166 ../../../cores/AT90USB/LUFA/Drivers/USB/Core/USBTask.o

.debug_frame    0x0000000000000000      0x950
 *(.debug_frame)
 .debug_frame   0x0000000000000000       0xd4 BootloaderCDC.o
 .debug_frame   0x00000000000000d4       0x24 Descriptors.o
 .debug_frame   0x00000000000000f8       0x84 BootloaderAPI.o
 .debug_frame   0x000000000000017c      0x114 ../../../cores/AT90USB/LUFA/Drivers/USB/Class/Common/HIDParser.o
 .debug_frame   0x0000000000000290       0x24 ../../../cores/AT90USB/LUFA/Drivers/USB/Core/AVR8/Device_AVR8.o
 .debug_frame   0x00000000000002b4      0x3ac ../../../cores/AT90USB/LUFA/Drivers/USB/Core/AVR8/EndpointStream_AVR8.o
 .debug_frame   0x0000000000000660       0x78 ../../../cores/AT90USB/LUFA/Drivers/USB/Core/AVR8/Endpoint_AVR8.o
 .debug_frame   0x00000000000006d8       0x58 ../../../cores/AT90USB/LUFA/Drivers/USB/Core/AVR8/USBController_AVR8.o
 .debug_frame   0x0000000000000730       0x8c ../../../cores/AT90USB/LUFA/Drivers/USB/Core/AVR8/USBInterrupt_AVR8.o
 .debug_frame   0x00000000000007bc      0x108 ../../../cores/AT90USB/LUFA/Drivers/USB/Core/ConfigDescriptors.o
 .debug_frame   0x00000000000008c4       0x3c ../../../cores/AT90USB/LUFA/Drivers/USB/Core/DeviceStandardReq.o
 .debug_frame   0x0000000000000900       0x24 ../../../cores/AT90USB/LUFA/Drivers/USB/Core/Events.o
 .debug_frame   0x0000000000000924       0x2c ../../../cores/AT90USB/LUFA/Drivers/USB/Core/USBTask.o

.debug_str      0x0000000000000000     0x2544
 *(.debug_str)
 .debug_str     0x0000000000000000      0x73f BootloaderCDC.o
                                        0x7d1 (size before relaxing)
 .debug_str     0x000000000000073f      0x61f Descriptors.o
                                        0x84c (size before relaxing)
 .debug_str     0x0000000000000d5e       0xc2 BootloaderAPI.o
                                        0x28d (size before relaxing)
 .debug_str     0x0000000000000e20      0x4b6 ../../../cores/AT90USB/LUFA/Drivers/USB/Class/Common/HIDParser.o
                                        0x6f8 (size before relaxing)
 .debug_str     0x00000000000012d6       0x88 ../../../cores/AT90USB/LUFA/Drivers/USB/Core/AVR8/Device_AVR8.o
                                        0x234 (size before relaxing)
 .debug_str     0x000000000000135e      0x4e1 ../../../cores/AT90USB/LUFA/Drivers/USB/Core/AVR8/EndpointStream_AVR8.o
                                        0x897 (size before relaxing)
 .debug_str     0x000000000000183f      0x259 ../../../cores/AT90USB/LUFA/Drivers/USB/Core/AVR8/Endpoint_AVR8.o
                                        0x623 (size before relaxing)
 .debug_str     0x0000000000001a98       0x3e ../../../cores/AT90USB/LUFA/Drivers/USB/Core/AVR8/Host_AVR8.o
                                        0x1d3 (size before relaxing)
 .debug_str     0x0000000000001ad6       0x44 ../../../cores/AT90USB/LUFA/Drivers/USB/Core/AVR8/PipeStream_AVR8.o
                                        0x1d9 (size before relaxing)
 .debug_str     0x0000000000001b1a       0x3e ../../../cores/AT90USB/LUFA/Drivers/USB/Core/AVR8/Pipe_AVR8.o
                                        0x1d3 (size before relaxing)
 .debug_str     0x0000000000001b58      0x243 ../../../cores/AT90USB/LUFA/Drivers/USB/Core/AVR8/USBController_AVR8.o
                                        0x546 (size before relaxing)
 .debug_str     0x0000000000001d9b      0x13f ../../../cores/AT90USB/LUFA/Drivers/USB/Core/AVR8/USBInterrupt_AVR8.o
                                        0x53c (size before relaxing)
 .debug_str     0x0000000000001eda      0x238 ../../../cores/AT90USB/LUFA/Drivers/USB/Core/ConfigDescriptors.o
                                        0x41c (size before relaxing)
 .debug_str     0x0000000000002112      0x33f ../../../cores/AT90USB/LUFA/Drivers/USB/Core/DeviceStandardReq.o
                                        0x791 (size before relaxing)
 .debug_str     0x0000000000002451       0x45 ../../../cores/AT90USB/LUFA/Drivers/USB/Core/Events.o
                                        0x1da (size before relaxing)
 .debug_str     0x0000000000002496       0x3f ../../../cores/AT90USB/LUFA/Drivers/USB/Core/HostStandardReq.o
                                        0x1d4 (size before relaxing)
 .debug_str     0x00000000000024d5       0x6f ../../../cores/AT90USB/LUFA/Drivers/USB/Core/USBTask.o
                                        0x3ab (size before relaxing)

.debug_loc      0x0000000000000000     0x3db8
 *(.debug_loc)
 .debug_loc     0x0000000000000000      0x593 BootloaderCDC.o
 .debug_loc     0x0000000000000593      0x1f4 Descriptors.o
 .debug_loc     0x0000000000000787       0x92 BootloaderAPI.o
 .debug_loc     0x0000000000000819      0xab2 ../../../cores/AT90USB/LUFA/Drivers/USB/Class/Common/HIDParser.o
 .debug_loc     0x00000000000012cb     0x1d9c ../../../cores/AT90USB/LUFA/Drivers/USB/Core/AVR8/EndpointStream_AVR8.o
 .debug_loc     0x0000000000003067      0x2ff ../../../cores/AT90USB/LUFA/Drivers/USB/Core/AVR8/Endpoint_AVR8.o
 .debug_loc     0x0000000000003366       0x49 ../../../cores/AT90USB/LUFA/Drivers/USB/Core/AVR8/USBController_AVR8.o
 .debug_loc     0x00000000000033af      0x21f ../../../cores/AT90USB/LUFA/Drivers/USB/Core/AVR8/USBInterrupt_AVR8.o
 .debug_loc     0x00000000000035ce      0x5bd ../../../cores/AT90USB/LUFA/Drivers/USB/Core/ConfigDescriptors.o
 .debug_loc     0x0000000000003b8b      0x1e4 ../../../cores/AT90USB/LUFA/Drivers/USB/Core/DeviceStandardReq.o
 .debug_loc     0x0000000000003d6f       0x49 ../../../cores/AT90USB/LUFA/Drivers/USB/Core/USBTask.o

.debug_macinfo
 *(.debug_macinfo)

.debug_pubtypes
 *(.debug_pubtypes)

.debug_ranges   0x0000000000000000      0x5b8
 *(.debug_ranges)
 .debug_ranges  0x0000000000000000      0x100 BootloaderCDC.o
 .debug_ranges  0x0000000000000100       0x10 Descriptors.o
 .debug_ranges  0x0000000000000110       0x40 BootloaderAPI.o
 .debug_ranges  0x0000000000000150       0x20 BootloaderAPITable.o
 .debug_ranges  0x0000000000000170       0xd0 ../../../cores/AT90USB/LUFA/Drivers/USB/Class/Common/HIDParser.o
 .debug_ranges  0x0000000000000240       0x10 ../../../cores/AT90USB/LUFA/Drivers/USB/Core/AVR8/Device_AVR8.o
 .debug_ranges  0x0000000000000250      0x250 ../../../cores/AT90USB/LUFA/Drivers/USB/Core/AVR8/EndpointStream_AVR8.o
 .debug_ranges  0x00000000000004a0       0x60 ../../../cores/AT90USB/LUFA/Drivers/USB/Core/AVR8/Endpoint_AVR8.o
 .debug_ranges  0x0000000000000500       0x20 ../../../cores/AT90USB/LUFA/Drivers/USB/Core/AVR8/USBController_AVR8.o
 .debug_ranges  0x0000000000000520       0x20 ../../../cores/AT90USB/LUFA/Drivers/USB/Core/AVR8/USBInterrupt_AVR8.o
 .debug_ranges  0x0000000000000540       0x30 ../../../cores/AT90USB/LUFA/Drivers/USB/Core/ConfigDescriptors.o
 .debug_ranges  0x0000000000000570       0x28 ../../../cores/AT90USB/LUFA/Drivers/USB/Core/DeviceStandardReq.o
 .debug_ranges  0x0000000000000598       0x10 ../../../cores/AT90USB/LUFA/Drivers/USB/Core/Events.o
 .debug_ranges  0x00000000000005a8       0x10 ../../../cores/AT90USB/LUFA/Drivers/USB/Core/USBTask.o

.debug_macro
 *(.debug_macro)
OUTPUT(BootloaderCDC.elf elf32-avr)
LOAD linker stubs

.apitable_trampolines
                0x000000000001ffa0       0x18
 .apitable_trampolines
                0x000000000001ffa0       0x18 BootloaderAPITable.o
                0x000000000001ffa0                BootloaderAPI_Trampolines

.apitable_jumptable
                0x000000000001ffe0       0x18
 .apitable_jumptable
                0x000000000001ffe0       0x18 BootloaderAPITable.o
                0x000000000001ffe0                BootloaderAPI_JumpTable

.apitable_signatures
                0x000000000001fff8        0x8
 .apitable_signatures
                0x000000000001fff8        0x8 BootloaderAPITable.o
                0x000000000001fff8                BootloaderAPI_Signatures

Cross Reference Table

Symbol                                            File
BL_Pulse                                          BootloaderCDC.o
BootloaderAPI_ErasePage                           BootloaderAPI.o
                                                  BootloaderAPITable.o
BootloaderAPI_FillWord                            BootloaderAPI.o
                                                  BootloaderAPITable.o
BootloaderAPI_JumpTable                           BootloaderAPITable.o
BootloaderAPI_ReadFuse                            BootloaderAPI.o
                                                  BootloaderAPITable.o
BootloaderAPI_ReadLock                            BootloaderAPI.o
                                                  BootloaderAPITable.o
BootloaderAPI_ReadSignature                       BootloaderAPI.o
                                                  BootloaderAPITable.o
BootloaderAPI_Signatures                          BootloaderAPITable.o
BootloaderAPI_Trampolines                         BootloaderAPITable.o
BootloaderAPI_WriteLock                           BootloaderAPI.o
                                                  BootloaderAPITable.o
BootloaderAPI_WritePage                           BootloaderAPI.o
                                                  BootloaderAPITable.o
CALLBACK_HIDParser_FilterHIDReportItem            ../../../cores/AT90USB/LUFA/Drivers/USB/Class/Common/HIDParser.o
CALLBACK_USB_GetDescriptor                        Descriptors.o
                                                  ../../../cores/AT90USB/LUFA/Drivers/USB/Core/DeviceStandardReq.o
ConfigurationDescriptor                           Descriptors.o
DeviceDescriptor                                  Descriptors.o
EVENT_USB_Device_ConfigurationChanged             BootloaderCDC.o
                                                  ../../../cores/AT90USB/LUFA/Drivers/USB/Core/DeviceStandardReq.o
EVENT_USB_Device_Connect                          ../../../cores/AT90USB/LUFA/Drivers/USB/Core/Events.o
                                                  ../../../cores/AT90USB/LUFA/Drivers/USB/Core/AVR8/USBInterrupt_AVR8.o
EVENT_USB_Device_ControlRequest                   BootloaderCDC.o
                                                  ../../../cores/AT90USB/LUFA/Drivers/USB/Core/DeviceStandardReq.o
EVENT_USB_Device_Disconnect                       ../../../cores/AT90USB/LUFA/Drivers/USB/Core/Events.o
                                                  ../../../cores/AT90USB/LUFA/Drivers/USB/Core/AVR8/USBInterrupt_AVR8.o
EVENT_USB_Device_Reset                            ../../../cores/AT90USB/LUFA/Drivers/USB/Core/Events.o
                                                  ../../../cores/AT90USB/LUFA/Drivers/USB/Core/AVR8/USBInterrupt_AVR8.o
EVENT_USB_Device_StartOfFrame                     ../../../cores/AT90USB/LUFA/Drivers/USB/Core/Events.o
EVENT_USB_Device_Suspend                          ../../../cores/AT90USB/LUFA/Drivers/USB/Core/Events.o
                                                  ../../../cores/AT90USB/LUFA/Drivers/USB/Core/AVR8/USBInterrupt_AVR8.o
EVENT_USB_Device_WakeUp                           ../../../cores/AT90USB/LUFA/Drivers/USB/Core/Events.o
                                                  ../../../cores/AT90USB/LUFA/Drivers/USB/Core/AVR8/USBInterrupt_AVR8.o
Endpoint_ClearEndpoints                           ../../../cores/AT90USB/LUFA/Drivers/USB/Core/AVR8/Endpoint_AVR8.o
Endpoint_ClearStatusStage                         ../../../cores/AT90USB/LUFA/Drivers/USB/Core/AVR8/Endpoint_AVR8.o
                                                  ../../../cores/AT90USB/LUFA/Drivers/USB/Core/DeviceStandardReq.o
Endpoint_ConfigureEndpointTable                   ../../../cores/AT90USB/LUFA/Drivers/USB/Core/AVR8/Endpoint_AVR8.o
Endpoint_ConfigureEndpoint_Prv                    ../../../cores/AT90USB/LUFA/Drivers/USB/Core/AVR8/Endpoint_AVR8.o
                                                  ../../../cores/AT90USB/LUFA/Drivers/USB/Core/AVR8/USBInterrupt_AVR8.o
                                                  ../../../cores/AT90USB/LUFA/Drivers/USB/Core/AVR8/USBController_AVR8.o
                                                  BootloaderCDC.o
Endpoint_Discard_Stream                           ../../../cores/AT90USB/LUFA/Drivers/USB/Core/AVR8/EndpointStream_AVR8.o
Endpoint_Null_Stream                              ../../../cores/AT90USB/LUFA/Drivers/USB/Core/AVR8/EndpointStream_AVR8.o
Endpoint_Read_Control_EStream_BE                  ../../../cores/AT90USB/LUFA/Drivers/USB/Core/AVR8/EndpointStream_AVR8.o
Endpoint_Read_Control_EStream_LE                  ../../../cores/AT90USB/LUFA/Drivers/USB/Core/AVR8/EndpointStream_AVR8.o
Endpoint_Read_Control_Stream_BE                   ../../../cores/AT90USB/LUFA/Drivers/USB/Core/AVR8/EndpointStream_AVR8.o
Endpoint_Read_Control_Stream_LE                   ../../../cores/AT90USB/LUFA/Drivers/USB/Core/AVR8/EndpointStream_AVR8.o
                                                  BootloaderCDC.o
Endpoint_Read_EStream_BE                          ../../../cores/AT90USB/LUFA/Drivers/USB/Core/AVR8/EndpointStream_AVR8.o
Endpoint_Read_EStream_LE                          ../../../cores/AT90USB/LUFA/Drivers/USB/Core/AVR8/EndpointStream_AVR8.o
Endpoint_Read_Stream_BE                           ../../../cores/AT90USB/LUFA/Drivers/USB/Core/AVR8/EndpointStream_AVR8.o
Endpoint_Read_Stream_LE                           ../../../cores/AT90USB/LUFA/Drivers/USB/Core/AVR8/EndpointStream_AVR8.o
Endpoint_WaitUntilReady                           ../../../cores/AT90USB/LUFA/Drivers/USB/Core/AVR8/Endpoint_AVR8.o
                                                  ../../../cores/AT90USB/LUFA/Drivers/USB/Core/AVR8/EndpointStream_AVR8.o
Endpoint_Write_Control_EStream_BE                 ../../../cores/AT90USB/LUFA/Drivers/USB/Core/AVR8/EndpointStream_AVR8.o
Endpoint_Write_Control_EStream_LE                 ../../../cores/AT90USB/LUFA/Drivers/USB/Core/AVR8/EndpointStream_AVR8.o
Endpoint_Write_Control_PStream_BE                 ../../../cores/AT90USB/LUFA/Drivers/USB/Core/AVR8/EndpointStream_AVR8.o
Endpoint_Write_Control_PStream_LE                 ../../../cores/AT90USB/LUFA/Drivers/USB/Core/AVR8/EndpointStream_AVR8.o
Endpoint_Write_Control_Stream_BE                  ../../../cores/AT90USB/LUFA/Drivers/USB/Core/AVR8/EndpointStream_AVR8.o
Endpoint_Write_Control_Stream_LE                  ../../../cores/AT90USB/LUFA/Drivers/USB/Core/AVR8/EndpointStream_AVR8.o
                                                  ../../../cores/AT90USB/LUFA/Drivers/USB/Core/DeviceStandardReq.o
                                                  BootloaderCDC.o
Endpoint_Write_EStream_BE                         ../../../cores/AT90USB/LUFA/Drivers/USB/Core/AVR8/EndpointStream_AVR8.o
Endpoint_Write_EStream_LE                         ../../../cores/AT90USB/LUFA/Drivers/USB/Core/AVR8/EndpointStream_AVR8.o
Endpoint_Write_PStream_BE                         ../../../cores/AT90USB/LUFA/Drivers/USB/Core/AVR8/EndpointStream_AVR8.o
Endpoint_Write_PStream_LE                         ../../../cores/AT90USB/LUFA/Drivers/USB/Core/AVR8/EndpointStream_AVR8.o
Endpoint_Write_Stream_BE                          ../../../cores/AT90USB/LUFA/Drivers/USB/Core/AVR8/EndpointStream_AVR8.o
Endpoint_Write_Stream_LE                          ../../../cores/AT90USB/LUFA/Drivers/USB/Core/AVR8/EndpointStream_AVR8.o
LanguageString                                    Descriptors.o
ManufacturerString                                Descriptors.o
ProductString                                     Descriptors.o
USB_ControlRequest                                ../../../cores/AT90USB/LUFA/Drivers/USB/Core/USBTask.o
                                                  ../../../cores/AT90USB/LUFA/Drivers/USB/Core/DeviceStandardReq.o
                                                  ../../../cores/AT90USB/LUFA/Drivers/USB/Core/AVR8/Endpoint_AVR8.o
                                                  ../../../cores/AT90USB/LUFA/Drivers/USB/Core/AVR8/EndpointStream_AVR8.o
                                                  BootloaderCDC.o
USB_Device_ConfigurationNumber                    ../../../cores/AT90USB/LUFA/Drivers/USB/Core/DeviceStandardReq.o
                                                  ../../../cores/AT90USB/LUFA/Drivers/USB/Core/AVR8/USBInterrupt_AVR8.o
                                                  ../../../cores/AT90USB/LUFA/Drivers/USB/Core/AVR8/USBController_AVR8.o
USB_Device_ProcessControlRequest                  ../../../cores/AT90USB/LUFA/Drivers/USB/Core/DeviceStandardReq.o
                                                  ../../../cores/AT90USB/LUFA/Drivers/USB/Core/USBTask.o
USB_Device_SendRemoteWakeup                       ../../../cores/AT90USB/LUFA/Drivers/USB/Core/AVR8/Device_AVR8.o
USB_Disable                                       ../../../cores/AT90USB/LUFA/Drivers/USB/Core/AVR8/USBController_AVR8.o
USB_Event_Stub                                    ../../../cores/AT90USB/LUFA/Drivers/USB/Core/Events.o
USB_GetHIDReportItemInfo                          ../../../cores/AT90USB/LUFA/Drivers/USB/Class/Common/HIDParser.o
USB_GetHIDReportSize                              ../../../cores/AT90USB/LUFA/Drivers/USB/Class/Common/HIDParser.o
USB_GetNextDescriptorComp                         ../../../cores/AT90USB/LUFA/Drivers/USB/Core/ConfigDescriptors.o
USB_GetNextDescriptorOfType                       ../../../cores/AT90USB/LUFA/Drivers/USB/Core/ConfigDescriptors.o
USB_GetNextDescriptorOfTypeAfter                  ../../../cores/AT90USB/LUFA/Drivers/USB/Core/ConfigDescriptors.o
USB_GetNextDescriptorOfTypeBefore                 ../../../cores/AT90USB/LUFA/Drivers/USB/Core/ConfigDescriptors.o
USB_INT_ClearAllInterrupts                        ../../../cores/AT90USB/LUFA/Drivers/USB/Core/AVR8/USBInterrupt_AVR8.o
                                                  ../../../cores/AT90USB/LUFA/Drivers/USB/Core/AVR8/USBController_AVR8.o
USB_INT_DisableAllInterrupts                      ../../../cores/AT90USB/LUFA/Drivers/USB/Core/AVR8/USBInterrupt_AVR8.o
                                                  ../../../cores/AT90USB/LUFA/Drivers/USB/Core/AVR8/USBController_AVR8.o
USB_Init                                          ../../../cores/AT90USB/LUFA/Drivers/USB/Core/AVR8/USBController_AVR8.o
                                                  BootloaderCDC.o
USB_IsInitialized                                 ../../../cores/AT90USB/LUFA/Drivers/USB/Core/USBTask.o
                                                  ../../../cores/AT90USB/LUFA/Drivers/USB/Core/AVR8/USBController_AVR8.o
USB_ProcessHIDReport                              ../../../cores/AT90USB/LUFA/Drivers/USB/Class/Common/HIDParser.o
USB_ResetInterface                                ../../../cores/AT90USB/LUFA/Drivers/USB/Core/AVR8/USBController_AVR8.o
USB_SetHIDReportItemInfo                          ../../../cores/AT90USB/LUFA/Drivers/USB/Class/Common/HIDParser.o
USB_USBTask                                       ../../../cores/AT90USB/LUFA/Drivers/USB/Core/USBTask.o
                                                  ../../../cores/AT90USB/LUFA/Drivers/USB/Core/AVR8/EndpointStream_AVR8.o
                                                  BootloaderCDC.o
__bad_interrupt                                   /usr/lib/gcc/avr/4.8.2/../../../avr/lib/avr51/crtusb1287.o
__bss_end                                         /usr/lib/gcc/avr/4.8.2/avr51/libgcc.a(_clear_bss.o)
__bss_start                                       /usr/lib/gcc/avr/4.8.2/avr51/libgcc.a(_clear_bss.o)
__data_end                                        /usr/lib/gcc/avr/4.8.2/avr51/libgcc.a(_copy_data.o)
__data_load_start                                 /usr/lib/gcc/avr/4.8.2/avr51/libgcc.a(_copy_data.o)
__data_start                                      /usr/lib/gcc/avr/4.8.2/avr51/libgcc.a(_copy_data.o)
__do_clear_bss                                    /usr/lib/gcc/avr/4.8.2/avr51/libgcc.a(_clear_bss.o)
                                                  ../../../cores/AT90USB/LUFA/Drivers/USB/Core/USBTask.o
                                                  ../../../cores/AT90USB/LUFA/Drivers/USB/Core/DeviceStandardReq.o
                                                  BootloaderCDC.o
__do_copy_data                                    /usr/lib/gcc/avr/4.8.2/avr51/libgcc.a(_copy_data.o)
                                                  Descriptors.o
                                                  BootloaderCDC.o
__eerd_byte_usb1287                               /usr/lib/gcc/avr/4.8.2/../../../avr/lib/avr51/libc.a(eerd_byte_at90usb1287.o)
                                                  ../../../cores/AT90USB/LUFA/Drivers/USB/Core/AVR8/EndpointStream_AVR8.o
                                                  BootloaderCDC.o
__eeupd_byte_usb1287                              /usr/lib/gcc/avr/4.8.2/../../../avr/lib/avr51/libc.a(eeupd_byte_at90usb1287.o)
                                                  ../../../cores/AT90USB/LUFA/Drivers/USB/Core/AVR8/EndpointStream_AVR8.o
__eeupd_r18_usb1287                               /usr/lib/gcc/avr/4.8.2/../../../avr/lib/avr51/libc.a(eeupd_byte_at90usb1287.o)
__eewr_byte_usb1287                               /usr/lib/gcc/avr/4.8.2/../../../avr/lib/avr51/libc.a(eewr_byte_at90usb1287.o)
                                                  BootloaderCDC.o
__eewr_r18_usb1287                                /usr/lib/gcc/avr/4.8.2/../../../avr/lib/avr51/libc.a(eewr_byte_at90usb1287.o)
__heap_end                                        /usr/lib/gcc/avr/4.8.2/../../../avr/lib/avr51/crtusb1287.o
__init                                            /usr/lib/gcc/avr/4.8.2/../../../avr/lib/avr51/crtusb1287.o
__stack                                           /usr/lib/gcc/avr/4.8.2/../../../avr/lib/avr51/crtusb1287.o
__tablejump2__                                    /usr/lib/gcc/avr/4.8.2/avr51/libgcc.a(_tablejump.o)
                                                  ../../../cores/AT90USB/LUFA/Drivers/USB/Core/DeviceStandardReq.o
__tablejump__                                     /usr/lib/gcc/avr/4.8.2/avr51/libgcc.a(_tablejump.o)
__vector_1                                        /usr/lib/gcc/avr/4.8.2/../../../avr/lib/avr51/crtusb1287.o
__vector_10                                       ../../../cores/AT90USB/LUFA/Drivers/USB/Core/AVR8/USBInterrupt_AVR8.o
                                                  /usr/lib/gcc/avr/4.8.2/../../../avr/lib/avr51/crtusb1287.o
__vector_11                                       /usr/lib/gcc/avr/4.8.2/../../../avr/lib/avr51/crtusb1287.o
__vector_12                                       /usr/lib/gcc/avr/4.8.2/../../../avr/lib/avr51/crtusb1287.o
__vector_13                                       /usr/lib/gcc/avr/4.8.2/../../../avr/lib/avr51/crtusb1287.o
__vector_14                                       /usr/lib/gcc/avr/4.8.2/../../../avr/lib/avr51/crtusb1287.o
__vector_15                                       /usr/lib/gcc/avr/4.8.2/../../../avr/lib/avr51/crtusb1287.o
__vector_16                                       /usr/lib/gcc/avr/4.8.2/../../../avr/lib/avr51/crtusb1287.o
__vector_17                                       /usr/lib/gcc/avr/4.8.2/../../../avr/lib/avr51/crtusb1287.o
__vector_18                                       /usr/lib/gcc/avr/4.8.2/../../../avr/lib/avr51/crtusb1287.o
__vector_19                                       /usr/lib/gcc/avr/4.8.2/../../../avr/lib/avr51/crtusb1287.o
__vector_2                                        /usr/lib/gcc/avr/4.8.2/../../../avr/lib/avr51/crtusb1287.o
__vector_20                                       /usr/lib/gcc/avr/4.8.2/../../../avr/lib/avr51/crtusb1287.o
__vector_21                                       /usr/lib/gcc/avr/4.8.2/../../../avr/lib/avr51/crtusb1287.o
__vector_22                                       /usr/lib/gcc/avr/4.8.2/../../../avr/lib/avr51/crtusb1287.o
__vector_23                                       /usr/lib/gcc/avr/4.8.2/../../../avr/lib/avr51/crtusb1287.o
__vector_24                                       /usr/lib/gcc/avr/4.8.2/../../../avr/lib/avr51/crtusb1287.o
__vector_25                                       /usr/lib/gcc/avr/4.8.2/../../../avr/lib/avr51/crtusb1287.o
__vector_26                                       /usr/lib/gcc/avr/4.8.2/../../../avr/lib/avr51/crtusb1287.o
__vector_27                                       /usr/lib/gcc/avr/4.8.2/../../../avr/lib/avr51/crtusb1287.o
__vector_28                                       /usr/lib/gcc/avr/4.8.2/../../../avr/lib/avr51/crtusb1287.o
__vector_29                                       /usr/lib/gcc/avr/4.8.2/../../../avr/lib/avr51/crtusb1287.o
__vector_3                                        /usr/lib/gcc/avr/4.8.2/../../../avr/lib/avr51/crtusb1287.o
__vector_30                                       /usr/lib/gcc/avr/4.8.2/../../../avr/lib/avr51/crtusb1287.o
__vector_31                                       /usr/lib/gcc/avr/4.8.2/../../../avr/lib/avr51/crtusb1287.o
__vector_32                                       /usr/lib/gcc/avr/4.8.2/../../../avr/lib/avr51/crtusb1287.o
__vector_33                                       /usr/lib/gcc/avr/4.8.2/../../../avr/lib/avr51/crtusb1287.o
__vector_34                                       /usr/lib/gcc/avr/4.8.2/../../../avr/lib/avr51/crtusb1287.o
__vector_35                                       /usr/lib/gcc/avr/4.8.2/../../../avr/lib/avr51/crtusb1287.o
__vector_36                                       /usr/lib/gcc/avr/4.8.2/../../../avr/lib/avr51/crtusb1287.o
__vector_37                                       /usr/lib/gcc/avr/4.8.2/../../../avr/lib/avr51/crtusb1287.o
__vector_4                                        /usr/lib/gcc/avr/4.8.2/../../../avr/lib/avr51/crtusb1287.o
__vector_5                                        /usr/lib/gcc/avr/4.8.2/../../../avr/lib/avr51/crtusb1287.o
__vector_6                                        /usr/lib/gcc/avr/4.8.2/../../../avr/lib/avr51/crtusb1287.o
__vector_7                                        /usr/lib/gcc/avr/4.8.2/../../../avr/lib/avr51/crtusb1287.o
__vector_8                                        /usr/lib/gcc/avr/4.8.2/../../../avr/lib/avr51/crtusb1287.o
__vector_9                                        /usr/lib/gcc/avr/4.8.2/../../../avr/lib/avr51/crtusb1287.o
__vector_default                                  /usr/lib/gcc/avr/4.8.2/../../../avr/lib/avr51/crtusb1287.o
__vectors                                         /usr/lib/gcc/avr/4.8.2/../../../avr/lib/avr51/crtusb1287.o
_exit                                             /usr/lib/gcc/avr/4.8.2/avr51/libgcc.a(_exit.o)
exit                                              /usr/lib/gcc/avr/4.8.2/avr51/libgcc.a(_exit.o)
                                                  /usr/lib/gcc/avr/4.8.2/../../../avr/lib/avr51/crtusb1287.o
main                                              BootloaderCDC.o
                                                  /usr/lib/gcc/avr/4.8.2/../../../avr/lib/avr51/crtusb1287.o
